21:47:09 **** Incremental Build of configuration Debug for project project24h ****
make -j8 all 
arm-none-eabi-gcc "../Core/Src/fsm.c" -mcpu=cortex-m3 -std=gnu11 -g3 -DDEBUG -DUSE_HAL_DRIVER -DSTM32F103x6 -c -I../Core/Inc -I../Drivers/STM32F1xx_HAL_Driver/Inc -I../Drivers/STM32F1xx_HAL_Driver/Inc/Legacy -I../Drivers/CMSIS/Device/ST/STM32F1xx/Include -I../Drivers/CMSIS/Include -O0 -ffunction-sections -fdata-sections -Wall -fstack-usage -MMD -MP -MF"Core/Src/fsm.d" -MT"Core/Src/fsm.o" --specs=nano.specs -mfloat-abi=soft -mthumb -o "Core/Src/fsm.o"
arm-none-eabi-gcc -o "project24h.elf" @"objects.list"   -mcpu=cortex-m3 -T"D:\Subjects\MCU Document\Project24h\project24h\STM32F103C6UX_FLASH.ld" --specs=nosys.specs -Wl,-Map="project24h.map" -Wl,--gc-sections -static --specs=nano.specs -mfloat-abi=soft -mthumb -Wl,--start-group -lc -lm -Wl,--end-group
Finished building target: project24h.elf
 
arm-none-eabi-size   project24h.elf 
arm-none-eabi-objdump -h -S  project24h.elf  > "project24h.list"
arm-none-eabi-objcopy  -O ihex  project24h.elf  "project24h.hex"
   text	   data	    bss	    dec	    hex	filename
   9240	     92	   1692	  11024	   2b10	project24h.elf
arm-none-eabi-objcopy  -O binary  project24h.elf  "project24h.bin"
Finished building: default.size.stdout
 
Finished building: project24h.hex
Finished building: project24h.bin
 
 
Finished building: project24h.list
 

21:47:10 Build Finished. 0 errors, 0 warnings. (took 818ms)

